strings are equal
strings are equal
built-in
is zero
