Sam says hello to Stephen for the 0th time
Sam says hello to Stephen for the 1st time
Sam says hello to Stephen for the 2nd time
Sam says hello to Stephen for the 3rd time
Sam says hello to Stephen for the 4th time
