11
6
2
2
true
false
true 
true
yes good
yes good
&& works
&& works
&& works
&& works
|| works
|| works
|| works
|| works
! works
! works
