EXPECTED
EXPECTED
EXPECTED
EXPECTED
EXPECTED
EXPECTED