1
3
8
6
9
6
0
2
4
5
106
101
104
108
105
103
102
109
107
100
0
1
2
3
4
5
6
7
8
9
100
101
102
103
104
105
106
107
108
109
