int works
int works
int works
float works
float works
float works
float works
bool works
bool works
bool works
bool works
