same ptr
same
same value not same ptr
not equal at all
yes
