hello
bye
bye
bye
bye
bye
5
NICE
true
how about this?
true
how about this?
true
how about this?
true
how about this?
false
how about this?
END
stuff